// Vitest Snapshot v1, https://vitest.dev/guide/snapshot.html

exports[`LLM_TASKS > routes every task as reviewed (update this snapshot on purpose) 1`] = `
{
  "aiCurate": "anthropic/claude-haiku-5-5:none -> openai/gpt-5.6-luna:none",
  "aiKeywords": "anthropic/claude-sonnet-5-5:none -> openai/gpt-5.6-luna:none",
  "aiSpotifyPick": "anthropic/claude-haiku-5-5:none -> openai/gpt-5.6-luna:none",
  "aiSpotifyQuery": "anthropic/claude-haiku-5-5:none -> openai/gpt-5.6-luna:none",
  "aiSuggestFeatured": "anthropic/claude-haiku-5-5:low -> openai/gpt-5.6-luna:none",
  "appPalette": "anthropic/claude-opus-5-5:low -> openai/gpt-5.6-terra:none",
  "baseEvents": "anthropic/claude-haiku-5-5:low -> openai/gpt-5.6-terra:none",
  "chatAnswer": "anthropic/claude-sonnet-5-5:low -> openai/gpt-5.6-terra:none",
  "chatExtract": "anthropic/claude-haiku-5-5:none -> openai/gpt-5.6-luna:none",
  "chatTopics": "anthropic/claude-haiku-5-5:none -> openai/gpt-5.6-luna:none",
  "chatTranslate": "anthropic/claude-haiku-5-5:none -> openai/gpt-5.6-luna:none",
  "contactDraft": "anthropic/claude-sonnet-5-5:low -> openai/gpt-5.6-terra:none",
  "contactTranslate": "anthropic/claude-haiku-5-5:none -> openai/gpt-5.6-luna:none",
  "eventBanner": "openai/gpt-image-2.5-sunburst",
  "genreTranslate": "anthropic/claude-haiku-5-5:none -> openai/gpt-5.6-terra:none",
  "literalTranslate": "anthropic/claude-haiku-5-5:medium -> openai/gpt-5.6-terra:none",
  "mailTranslate": "anthropic/claude-sonnet-5-5:low -> openai/gpt-5.6-terra:none",
  "orderExtract": "anthropic/claude-haiku-5-5:medium -> openai/gpt-5.6-terra:low",
  "productPhoto": "openai/gpt-image-2.5-sunburst",
  "quizQuestions": "anthropic/claude-haiku-5-5:medium -> openai/gpt-5.6-terra:low",
  "quizTrivia": "anthropic/claude-sonnet-5-5:medium -> openai/gpt-5.6-terra:medium",
  "seoTranslate": "anthropic/claude-sonnet-5-5:low -> openai/gpt-5.6-terra:none",
  "seoWrite": "anthropic/claude-opus-5-5:medium -> openai/gpt-5.6-terra:low",
  "speechTest": "openai/gpt-4o-mini-tts",
  "textTranslate": "anthropic/claude-haiku-5-5:medium -> openai/gpt-5.6-terra:none",
  "wordSplit": "anthropic/claude-sonnet-5-5:low -> openai/gpt-5.6-sol:none",
  "yearAudit": "anthropic/claude-opus-5-5:medium -> openai/gpt-5.6-terra:medium",
  "yearLookup": "anthropic/claude-haiku-5-5:medium -> openai/gpt-5.6-terra:low",
}
`;
